System check identified some issues:

WARNINGS:
?: (anymail.W003) django-anymail has dropped official support for SendGrid.
	HINT: See https://github.com/anymail/django-anymail/issues/432.
No changes detected in app 'market'
Watching for file changes with StatReloader
System check identified some issues:

WARNINGS:
?: (anymail.W003) django-anymail has dropped official support for SendGrid.
	HINT: See https://github.com/anymail/django-anymail/issues/432.

System check identified 1 issue (0 silenced).
[05/Nov/2025 16:13:01] "GET /meus-anuncios/ HTTP/1.1" 200 6198
[05/Nov/2025 16:13:02] "GET / HTTP/1.1" 200 6071
[05/Nov/2025 16:13:10] "GET /api/makes/?q=au HTTP/1.1" 200 132
Internal Server Error: /api/models/
Traceback (most recent call last):
  File "/workspaces/brickmotors/.venv/lib/python3.12/site-packages/django/db/models/fields/__init__.py", line 2128, in get_prep_value
    return int(value)
           ^^^^^^^^^^
ValueError: invalid literal for int() with base 10: 'ID_DA_AUDI'

The above exception was the direct cause of the following exception:

Traceback (most recent call last):
  File "/workspaces/brickmotors/.venv/lib/python3.12/site-packages/django/core/handlers/exception.py", line 55, in inner
    response = get_response(request)
               ^^^^^^^^^^^^^^^^^^^^^
  File "/workspaces/brickmotors/.venv/lib/python3.12/site-packages/django/core/handlers/base.py", line 197, in _get_response
    response = wrapped_callback(request, *callback_args, **callback_kwargs)
               ^^^^^^^^^^^^^^^^^^^^^^^^^^^^^^^^^^^^^^^^^^^^^^^^^^^^^^^^^^^^
  File "/workspaces/brickmotors/.venv/lib/python3.12/site-packages/django/views/decorators/http.py", line 64, in inner
    return func(request, *args, **kwargs)
           ^^^^^^^^^^^^^^^^^^^^^^^^^^^^^^
  File "/workspaces/brickmotors/market/views_catalog.py", line 21, in api_models
    qs = qs.filter(make_id=make_id)
         ^^^^^^^^^^^^^^^^^^^^^^^^^^
  File "/workspaces/brickmotors/.venv/lib/python3.12/site-packages/django/db/models/query.py", line 1493, in filter
    return self._filter_or_exclude(False, args, kwargs)
           ^^^^^^^^^^^^^^^^^^^^^^^^^^^^^^^^^^^^^^^^^^^^
  File "/workspaces/brickmotors/.venv/lib/python3.12/site-packages/django/db/models/query.py", line 1511, in _filter_or_exclude
    clone._filter_or_exclude_inplace(negate, args, kwargs)
  File "/workspaces/brickmotors/.venv/lib/python3.12/site-packages/django/db/models/query.py", line 1518, in _filter_or_exclude_inplace
    self._query.add_q(Q(*args, **kwargs))
  File "/workspaces/brickmotors/.venv/lib/python3.12/site-packages/django/db/models/sql/query.py", line 1646, in add_q
    clause, _ = self._add_q(q_object, can_reuse)
                ^^^^^^^^^^^^^^^^^^^^^^^^^^^^^^^^
  File "/workspaces/brickmotors/.venv/lib/python3.12/site-packages/django/db/models/sql/query.py", line 1678, in _add_q
    child_clause, needed_inner = self.build_filter(
                                 ^^^^^^^^^^^^^^^^^^
  File "/workspaces/brickmotors/.venv/lib/python3.12/site-packages/django/db/models/sql/query.py", line 1588, in build_filter
    condition = self.build_lookup(lookups, col, value)
                ^^^^^^^^^^^^^^^^^^^^^^^^^^^^^^^^^^^^^^
  File "/workspaces/brickmotors/.venv/lib/python3.12/site-packages/django/db/models/sql/query.py", line 1415, in build_lookup
    lookup = lookup_class(lhs, rhs)
             ^^^^^^^^^^^^^^^^^^^^^^
  File "/workspaces/brickmotors/.venv/lib/python3.12/site-packages/django/db/models/lookups.py", line 38, in __init__
    self.rhs = self.get_prep_lookup()
               ^^^^^^^^^^^^^^^^^^^^^^
  File "/workspaces/brickmotors/.venv/lib/python3.12/site-packages/django/db/models/fields/related_lookups.py", line 112, in get_prep_lookup
    self.rhs = target_field.get_prep_value(self.rhs)
               ^^^^^^^^^^^^^^^^^^^^^^^^^^^^^^^^^^^^^
  File "/workspaces/brickmotors/.venv/lib/python3.12/site-packages/django/db/models/fields/__init__.py", line 2130, in get_prep_value
    raise e.__class__(
ValueError: Field 'id' expected a number but got 'ID_DA_AUDI'.
[05/Nov/2025 16:13:10] "GET /api/models/?make_id=ID_DA_AUDI&q=a3 HTTP/1.1" 500 140850
Internal Server Error: /api/models/
Traceback (most recent call last):
  File "/workspaces/brickmotors/.venv/lib/python3.12/site-packages/django/db/models/fields/__init__.py", line 2128, in get_prep_value
    return int(value)
           ^^^^^^^^^^
ValueError: invalid literal for int() with base 10: 'ID_DA_AUDI'

The above exception was the direct cause of the following exception:

Traceback (most recent call last):
  File "/workspaces/brickmotors/.venv/lib/python3.12/site-packages/django/core/handlers/exception.py", line 55, in inner
    response = get_response(request)
               ^^^^^^^^^^^^^^^^^^^^^
  File "/workspaces/brickmotors/.venv/lib/python3.12/site-packages/django/core/handlers/base.py", line 197, in _get_response
    response = wrapped_callback(request, *callback_args, **callback_kwargs)
               ^^^^^^^^^^^^^^^^^^^^^^^^^^^^^^^^^^^^^^^^^^^^^^^^^^^^^^^^^^^^
  File "/workspaces/brickmotors/.venv/lib/python3.12/site-packages/django/views/decorators/http.py", line 64, in inner
    return func(request, *args, **kwargs)
           ^^^^^^^^^^^^^^^^^^^^^^^^^^^^^^
  File "/workspaces/brickmotors/market/views_catalog.py", line 21, in api_models
    qs = qs.filter(make_id=make_id)
         ^^^^^^^^^^^^^^^^^^^^^^^^^^
  File "/workspaces/brickmotors/.venv/lib/python3.12/site-packages/django/db/models/query.py", line 1493, in filter
    return self._filter_or_exclude(False, args, kwargs)
           ^^^^^^^^^^^^^^^^^^^^^^^^^^^^^^^^^^^^^^^^^^^^
  File "/workspaces/brickmotors/.venv/lib/python3.12/site-packages/django/db/models/query.py", line 1511, in _filter_or_exclude
    clone._filter_or_exclude_inplace(negate, args, kwargs)
  File "/workspaces/brickmotors/.venv/lib/python3.12/site-packages/django/db/models/query.py", line 1518, in _filter_or_exclude_inplace
    self._query.add_q(Q(*args, **kwargs))
  File "/workspaces/brickmotors/.venv/lib/python3.12/site-packages/django/db/models/sql/query.py", line 1646, in add_q
    clause, _ = self._add_q(q_object, can_reuse)
                ^^^^^^^^^^^^^^^^^^^^^^^^^^^^^^^^
  File "/workspaces/brickmotors/.venv/lib/python3.12/site-packages/django/db/models/sql/query.py", line 1678, in _add_q
    child_clause, needed_inner = self.build_filter(
                                 ^^^^^^^^^^^^^^^^^^
  File "/workspaces/brickmotors/.venv/lib/python3.12/site-packages/django/db/models/sql/query.py", line 1588, in build_filter
    condition = self.build_lookup(lookups, col, value)
                ^^^^^^^^^^^^^^^^^^^^^^^^^^^^^^^^^^^^^^
  File "/workspaces/brickmotors/.venv/lib/python3.12/site-packages/django/db/models/sql/query.py", line 1415, in build_lookup
    lookup = lookup_class(lhs, rhs)
             ^^^^^^^^^^^^^^^^^^^^^^
  File "/workspaces/brickmotors/.venv/lib/python3.12/site-packages/django/db/models/lookups.py", line 38, in __init__
    self.rhs = self.get_prep_lookup()
               ^^^^^^^^^^^^^^^^^^^^^^
  File "/workspaces/brickmotors/.venv/lib/python3.12/site-packages/django/db/models/fields/related_lookups.py", line 112, in get_prep_lookup
    self.rhs = target_field.get_prep_value(self.rhs)
               ^^^^^^^^^^^^^^^^^^^^^^^^^^^^^^^^^^^^^
  File "/workspaces/brickmotors/.venv/lib/python3.12/site-packages/django/db/models/fields/__init__.py", line 2130, in get_prep_value
    raise e.__class__(
ValueError: Field 'id' expected a number but got 'ID_DA_AUDI'.
[05/Nov/2025 16:13:38] "GET /api/models/?make_id=ID_DA_AUDI&q=a3 HTTP/1.1" 500 140850
[05/Nov/2025 16:13:41] "GET /api/makes/?q=au HTTP/1.1" 200 132
[05/Nov/2025 16:13:51] "GET /api/makes/?q=au HTTP/1.1" 200 132
Internal Server Error: /api/models/
Traceback (most recent call last):
  File "/workspaces/brickmotors/.venv/lib/python3.12/site-packages/django/db/models/fields/__init__.py", line 2128, in get_prep_value
    return int(value)
           ^^^^^^^^^^
ValueError: invalid literal for int() with base 10: 'ID_DA_AUDI'

The above exception was the direct cause of the following exception:

Traceback (most recent call last):
  File "/workspaces/brickmotors/.venv/lib/python3.12/site-packages/django/core/handlers/exception.py", line 55, in inner
    response = get_response(request)
               ^^^^^^^^^^^^^^^^^^^^^
  File "/workspaces/brickmotors/.venv/lib/python3.12/site-packages/django/core/handlers/base.py", line 197, in _get_response
    response = wrapped_callback(request, *callback_args, **callback_kwargs)
               ^^^^^^^^^^^^^^^^^^^^^^^^^^^^^^^^^^^^^^^^^^^^^^^^^^^^^^^^^^^^
  File "/workspaces/brickmotors/.venv/lib/python3.12/site-packages/django/views/decorators/http.py", line 64, in inner
    return func(request, *args, **kwargs)
           ^^^^^^^^^^^^^^^^^^^^^^^^^^^^^^
  File "/workspaces/brickmotors/market/views_catalog.py", line 21, in api_models
    qs = qs.filter(make_id=make_id)
         ^^^^^^^^^^^^^^^^^^^^^^^^^^
  File "/workspaces/brickmotors/.venv/lib/python3.12/site-packages/django/db/models/query.py", line 1493, in filter
    return self._filter_or_exclude(False, args, kwargs)
           ^^^^^^^^^^^^^^^^^^^^^^^^^^^^^^^^^^^^^^^^^^^^
  File "/workspaces/brickmotors/.venv/lib/python3.12/site-packages/django/db/models/query.py", line 1511, in _filter_or_exclude
    clone._filter_or_exclude_inplace(negate, args, kwargs)
  File "/workspaces/brickmotors/.venv/lib/python3.12/site-packages/django/db/models/query.py", line 1518, in _filter_or_exclude_inplace
    self._query.add_q(Q(*args, **kwargs))
  File "/workspaces/brickmotors/.venv/lib/python3.12/site-packages/django/db/models/sql/query.py", line 1646, in add_q
    clause, _ = self._add_q(q_object, can_reuse)
                ^^^^^^^^^^^^^^^^^^^^^^^^^^^^^^^^
  File "/workspaces/brickmotors/.venv/lib/python3.12/site-packages/django/db/models/sql/query.py", line 1678, in _add_q
    child_clause, needed_inner = self.build_filter(
                                 ^^^^^^^^^^^^^^^^^^
  File "/workspaces/brickmotors/.venv/lib/python3.12/site-packages/django/db/models/sql/query.py", line 1588, in build_filter
    condition = self.build_lookup(lookups, col, value)
                ^^^^^^^^^^^^^^^^^^^^^^^^^^^^^^^^^^^^^^
  File "/workspaces/brickmotors/.venv/lib/python3.12/site-packages/django/db/models/sql/query.py", line 1415, in build_lookup
    lookup = lookup_class(lhs, rhs)
             ^^^^^^^^^^^^^^^^^^^^^^
  File "/workspaces/brickmotors/.venv/lib/python3.12/site-packages/django/db/models/lookups.py", line 38, in __init__
    self.rhs = self.get_prep_lookup()
               ^^^^^^^^^^^^^^^^^^^^^^
  File "/workspaces/brickmotors/.venv/lib/python3.12/site-packages/django/db/models/fields/related_lookups.py", line 112, in get_prep_lookup
    self.rhs = target_field.get_prep_value(self.rhs)
               ^^^^^^^^^^^^^^^^^^^^^^^^^^^^^^^^^^^^^
  File "/workspaces/brickmotors/.venv/lib/python3.12/site-packages/django/db/models/fields/__init__.py", line 2130, in get_prep_value
    raise e.__class__(
ValueError: Field 'id' expected a number but got 'ID_DA_AUDI'.
[05/Nov/2025 16:14:05] "GET /api/models/?make_id=ID_DA_AUDI&q=a3 HTTP/1.1" 500 140850
/workspaces/brickmotors/market/urls.py changed, reloading.
Performing system checks...

November 05, 2025 - 16:12:49
Django version 5.2.7, using settings 'brickmotors.settings'
Starting development server at http://0.0.0.0:8000/
Quit the server with CONTROL-C.

WARNING: This is a development server. Do not use it in a production setting. Use a production WSGI or ASGI server instead.
For more information on production servers see: https://docs.djangoproject.com/en/5.2/howto/deployment/
Watching for file changes with StatReloader
System check identified some issues:

WARNINGS:
?: (anymail.W003) django-anymail has dropped official support for SendGrid.
	HINT: See https://github.com/anymail/django-anymail/issues/432.

System check identified 1 issue (0 silenced).
Watching for file changes with StatReloader
System check identified some issues:

WARNINGS:
?: (anymail.W003) django-anymail has dropped official support for SendGrid.
	HINT: See https://github.com/anymail/django-anymail/issues/432.

System check identified 1 issue (0 silenced).
[05/Nov/2025 16:30:28] "GET /api/makes/?q=au HTTP/1.1" 200 132
[05/Nov/2025 16:30:28] "GET /api/models/?make_id=1&q=a3 HTTP/1.1" 200 15
[05/Nov/2025 16:31:12] "GET /api/makes/?q=aud HTTP/1.1" 200 41
Internal Server Error: /api/models/
Traceback (most recent call last):
  File "/workspaces/brickmotors/.venv/lib/python3.12/site-packages/django/db/models/fields/__init__.py", line 2128, in get_prep_value
    return int(value)
           ^^^^^^^^^^
ValueError: invalid literal for int() with base 10: '<ID_DA_AUDI>'

The above exception was the direct cause of the following exception:

Traceback (most recent call last):
  File "/workspaces/brickmotors/.venv/lib/python3.12/site-packages/django/core/handlers/exception.py", line 55, in inner
    response = get_response(request)
               ^^^^^^^^^^^^^^^^^^^^^
  File "/workspaces/brickmotors/.venv/lib/python3.12/site-packages/django/core/handlers/base.py", line 197, in _get_response
    response = wrapped_callback(request, *callback_args, **callback_kwargs)
               ^^^^^^^^^^^^^^^^^^^^^^^^^^^^^^^^^^^^^^^^^^^^^^^^^^^^^^^^^^^^
  File "/workspaces/brickmotors/.venv/lib/python3.12/site-packages/django/views/decorators/http.py", line 64, in inner
    return func(request, *args, **kwargs)
           ^^^^^^^^^^^^^^^^^^^^^^^^^^^^^^
  File "/workspaces/brickmotors/market/views_catalog.py", line 21, in api_models
    qs = qs.filter(make_id=make_id)
         ^^^^^^^^^^^^^^^^^^^^^^^^^^
  File "/workspaces/brickmotors/.venv/lib/python3.12/site-packages/django/db/models/query.py", line 1493, in filter
    return self._filter_or_exclude(False, args, kwargs)
           ^^^^^^^^^^^^^^^^^^^^^^^^^^^^^^^^^^^^^^^^^^^^
  File "/workspaces/brickmotors/.venv/lib/python3.12/site-packages/django/db/models/query.py", line 1511, in _filter_or_exclude
    clone._filter_or_exclude_inplace(negate, args, kwargs)
  File "/workspaces/brickmotors/.venv/lib/python3.12/site-packages/django/db/models/query.py", line 1518, in _filter_or_exclude_inplace
    self._query.add_q(Q(*args, **kwargs))
  File "/workspaces/brickmotors/.venv/lib/python3.12/site-packages/django/db/models/sql/query.py", line 1646, in add_q
    clause, _ = self._add_q(q_object, can_reuse)
                ^^^^^^^^^^^^^^^^^^^^^^^^^^^^^^^^
  File "/workspaces/brickmotors/.venv/lib/python3.12/site-packages/django/db/models/sql/query.py", line 1678, in _add_q
    child_clause, needed_inner = self.build_filter(
                                 ^^^^^^^^^^^^^^^^^^
  File "/workspaces/brickmotors/.venv/lib/python3.12/site-packages/django/db/models/sql/query.py", line 1588, in build_filter
    condition = self.build_lookup(lookups, col, value)
                ^^^^^^^^^^^^^^^^^^^^^^^^^^^^^^^^^^^^^^
  File "/workspaces/brickmotors/.venv/lib/python3.12/site-packages/django/db/models/sql/query.py", line 1415, in build_lookup
    lookup = lookup_class(lhs, rhs)
             ^^^^^^^^^^^^^^^^^^^^^^
  File "/workspaces/brickmotors/.venv/lib/python3.12/site-packages/django/db/models/lookups.py", line 38, in __init__
    self.rhs = self.get_prep_lookup()
               ^^^^^^^^^^^^^^^^^^^^^^
  File "/workspaces/brickmotors/.venv/lib/python3.12/site-packages/django/db/models/fields/related_lookups.py", line 112, in get_prep_lookup
    self.rhs = target_field.get_prep_value(self.rhs)
               ^^^^^^^^^^^^^^^^^^^^^^^^^^^^^^^^^^^^^
  File "/workspaces/brickmotors/.venv/lib/python3.12/site-packages/django/db/models/fields/__init__.py", line 2130, in get_prep_value
    raise e.__class__(
ValueError: Field 'id' expected a number but got '<ID_DA_AUDI>'.
[05/Nov/2025 16:31:12] "GET /api/models/?make_id=<ID_DA_AUDI>&q=a3 HTTP/1.1" 500 141070
[05/Nov/2025 16:31:25] "GET /api/makes/?q=au HTTP/1.1" 200 132
[05/Nov/2025 16:31:25] "GET /api/models/?make_id=1&q=a3 HTTP/1.1" 200 15
[05/Nov/2025 16:31:34] "GET / HTTP/1.1" 200 6071
[05/Nov/2025 16:31:37] "GET /meus-anuncios/ HTTP/1.1" 200 6198
[05/Nov/2025 16:31:39] "GET /anunciar/ HTTP/1.1" 200 2083
Not Found: /api/brands/
[05/Nov/2025 16:31:39] "GET /api/brands/?q= HTTP/1.1" 404 4539
[05/Nov/2025 16:31:49] "GET /anunciar/ HTTP/1.1" 200 2083
Not Found: /api/brands/
[05/Nov/2025 16:31:50] "GET /api/brands/?q= HTTP/1.1" 404 4539
/workspaces/brickmotors/market/urls.py changed, reloading.
Performing system checks...

November 05, 2025 - 16:30:23
Django version 5.2.7, using settings 'brickmotors.settings'
Starting development server at http://0.0.0.0:8000/
Quit the server with CONTROL-C.

WARNING: This is a development server. Do not use it in a production setting. Use a production WSGI or ASGI server instead.
For more information on production servers see: https://docs.djangoproject.com/en/5.2/howto/deployment/
Watching for file changes with StatReloader
System check identified some issues:

WARNINGS:
?: (anymail.W003) django-anymail has dropped official support for SendGrid.
	HINT: See https://github.com/anymail/django-anymail/issues/432.

System check identified 1 issue (0 silenced).
/workspaces/brickmotors/market/urls.py changed, reloading.
Performing system checks...

November 05, 2025 - 16:43:37
Django version 5.2.7, using settings 'brickmotors.settings'
Starting development server at http://0.0.0.0:8000/
Quit the server with CONTROL-C.

WARNING: This is a development server. Do not use it in a production setting. Use a production WSGI or ASGI server instead.
For more information on production servers see: https://docs.djangoproject.com/en/5.2/howto/deployment/
Watching for file changes with StatReloader
System check identified some issues:

WARNINGS:
?: (anymail.W003) django-anymail has dropped official support for SendGrid.
	HINT: See https://github.com/anymail/django-anymail/issues/432.

System check identified 1 issue (0 silenced).
/workspaces/brickmotors/market/urls.py changed, reloading.
Performing system checks...

November 05, 2025 - 16:43:40
Django version 5.2.7, using settings 'brickmotors.settings'
Starting development server at http://0.0.0.0:8000/
Quit the server with CONTROL-C.

WARNING: This is a development server. Do not use it in a production setting. Use a production WSGI or ASGI server instead.
For more information on production servers see: https://docs.djangoproject.com/en/5.2/howto/deployment/
Watching for file changes with StatReloader
System check identified some issues:

WARNINGS:
?: (anymail.W003) django-anymail has dropped official support for SendGrid.
	HINT: See https://github.com/anymail/django-anymail/issues/432.

System check identified 1 issue (0 silenced).
/workspaces/brickmotors/market/urls.py changed, reloading.
Performing system checks...

November 05, 2025 - 16:43:42
Django version 5.2.7, using settings 'brickmotors.settings'
Starting development server at http://0.0.0.0:8000/
Quit the server with CONTROL-C.

WARNING: This is a development server. Do not use it in a production setting. Use a production WSGI or ASGI server instead.
For more information on production servers see: https://docs.djangoproject.com/en/5.2/howto/deployment/
Watching for file changes with StatReloader
System check identified some issues:

WARNINGS:
?: (anymail.W003) django-anymail has dropped official support for SendGrid.
	HINT: See https://github.com/anymail/django-anymail/issues/432.

System check identified 1 issue (0 silenced).
[05/Nov/2025 16:46:09] "GET /meus-anuncios/ HTTP/1.1" 200 6198
[05/Nov/2025 16:46:11] "GET /meus-anuncios/ HTTP/1.1" 200 6198
[05/Nov/2025 16:46:12] "GET /static/css/app.css HTTP/1.1" 200 7442
[05/Nov/2025 16:46:12] "GET /static/js/app.js HTTP/1.1" 200 506
Not Found: /favicon.ico
[05/Nov/2025 16:46:13] "GET /favicon.ico HTTP/1.1" 404 5060
[05/Nov/2025 16:46:15] "GET /anunciar/ HTTP/1.1" 200 4776
Not Found: /api/brands/
[05/Nov/2025 16:46:15] "GET /api/brands/?q= HTTP/1.1" 404 5063
[05/Nov/2025 16:46:23] "GET /anunciar/ HTTP/1.1" 200 4776
Not Found: /api/brands/
[05/Nov/2025 16:46:23] "GET /api/brands/?q= HTTP/1.1" 404 5063
[05/Nov/2025 16:46:25] "GET /anunciar/ HTTP/1.1" 200 2477
Not Found: /api/brands/
[05/Nov/2025 16:46:25] "GET /api/brands/?q= HTTP/1.1" 404 5063
[05/Nov/2025 16:46:26] "GET /anunciar/ HTTP/1.1" 200 2477
Not Found: /api/brands/
[05/Nov/2025 16:46:26] "GET /api/brands/?q= HTTP/1.1" 404 5063
Not Found: /favicon.ico
[05/Nov/2025 16:46:27] "GET /favicon.ico HTTP/1.1" 404 5060
Not Found: /api/brands/
[05/Nov/2025 16:46:31] "GET /api/models/?brand=&q= HTTP/1.1" 200 887
[05/Nov/2025 16:46:31] "GET /api/brands/?q=%20 HTTP/1.1" 404 5066
Not Found: /api/brands/
[05/Nov/2025 16:46:32] "GET /api/brands/?q=%20a HTTP/1.1" 404 5067
[05/Nov/2025 16:46:32] "GET /api/models/?brand=a&q= HTTP/1.1" 200 887
Not Found: /api/brands/
[05/Nov/2025 16:46:33] "GET /api/brands/?q= HTTP/1.1" 404 5063
[05/Nov/2025 16:46:33] "GET /api/models/?brand=&q= HTTP/1.1" 200 887
[05/Nov/2025 16:47:17] "GET /anunciar/ HTTP/1.1" 200 4747
[05/Nov/2025 16:54:08] "GET / HTTP/1.1" 200 6071
Not Found: /busca/
[05/Nov/2025 16:54:12] "GET /busca/?tipo=carro&cond=novo HTTP/1.1" 404 5070
[05/Nov/2025 16:54:22] "GET / HTTP/1.1" 200 6071
Not Found: /busca/
[05/Nov/2025 16:54:24] "GET /busca/?tipo=carro&cond=novo HTTP/1.1" 404 5070
Watching for file changes with StatReloader
System check identified some issues:

WARNINGS:
?: (anymail.W003) django-anymail has dropped official support for SendGrid.
	HINT: See https://github.com/anymail/django-anymail/issues/432.

System check identified 1 issue (0 silenced).
[05/Nov/2025 17:13:29] "GET /meus-anuncios/ HTTP/1.1" 200 6198
[05/Nov/2025 17:13:31] "GET /meus-anuncios/ HTTP/1.1" 200 6198
[05/Nov/2025 17:13:36] "GET /anunciar/ HTTP/1.1" 200 12650
[05/Nov/2025 17:13:37] "GET /api/makes/?q= HTTP/1.1" 200 609
[05/Nov/2025 17:13:38] "GET /api/makes/?q= HTTP/1.1" 200 609
[05/Nov/2025 17:13:47] "GET /api/makes/?q=Audi HTTP/1.1" 200 41
[05/Nov/2025 17:13:48] "GET /api/models/?make_id=15&q=A HTTP/1.1" 200 218
[05/Nov/2025 17:13:52] "GET /api/models/?make_id=15&q= HTTP/1.1" 200 468
[05/Nov/2025 17:13:54] "GET /api/makes/?q= HTTP/1.1" 200 609
[05/Nov/2025 17:14:42] "GET /api/makes/?q=Dodge HTTP/1.1" 200 42
[05/Nov/2025 17:14:45] "GET /api/models/?make_id=32&q=a HTTP/1.1" 200 108
[05/Nov/2025 17:14:50] "GET /api/makes/?q= HTTP/1.1" 200 609
[05/Nov/2025 17:14:59] "GET /api/makes/?q=v HTTP/1.1" 200 170
[05/Nov/2025 17:15:01] "GET /api/makes/?q=vol HTTP/1.1" 200 75
[05/Nov/2025 17:15:02] "GET /api/makes/?q=Volkswagen HTTP/1.1" 200 46
[05/Nov/2025 17:15:04] "GET /api/models/?make_id=2&q=p HTTP/1.1" 200 160
Not Found: /busca/
[05/Nov/2025 17:15:21] "GET /busca/?tipo=carro&cond=usado HTTP/1.1" 404 5071
